/*JSON[*/
// object name has to be the same as the filename!
// 
// TODO: this file is NOT auto generated and mainly for testing purpose
Lucid.data.maps.map1 = {
	config: {
		id: "map1",
		type: Lucid.Engine.TYPE.SIDE_SCROLL,
		name: "Map 1",
		cols: 12,
		rows: 12,
		tileSize: 64,

		layers: [
			{
				config: {
					z: 10,
					id: "layer-background",
					render: 1,
					cols: 12,
					rows: 12,
					type: Lucid.BaseLayer.TYPE.TILESET,
					effects: [],
					/*
					data: [
						4, 4, 4, 4, 4, 4, 4, 4, 4, 4, 4, 4,
						4, 2, 2, 2, 2, 2, 2, 2, 2, 2, 2, 4,
						4, 2, 2, 2, 2, 2, 2, 2, 2, 2, 2, 4,
						4, 2, 2, 2, 2, 2, 2, 2, 2, 2, 2, 4,
						4, 2, 2, 2, 2, 2, 2, 2, 2, 2, 2, 4,
						4, 2, 2, 2, 2, 2, 3, 2, 2, 2, 2, 4,
						4, 2, 3, 3, 3, 2, 2, 2, 2, 2, 2, 4,
						4, 2, 3, 3, 2, 2, 2, 2, 2, 2, 2, 4,
						4, 2, 2, 2, 3, 2, 2, 2, 2, 2, 2, 4,
						4, 2, 2, 2, 2, 3, 2, 2, 2, 2, 2, 4,
						4, 2, 2, 2, 2, 3, 2, 2, 2, 2, 2, 4,
						4, 4, 4, 2, 2, 3, 4, 4, 4, 4, 4, 4
					]
					*/
					data: [
						[4, 4, 4, 4, 4, 4, 4, 4, 4, 4, 4, 4],
						[4, 2, 2, 2, 2, 2, 2, 2, 2, 2, 2, 4],
						[4, 2, 2, 2, 2, 2, 2, 2, 2, 2, 2, 4],
						[4, 2, 2, 2, 2, 2, 2, 2, 2, 2, 2, 4],
						[4, 2, 2, 2, 2, 2, 2, 2, 2, 2, 2, 4],
						[4, 2, 2, 2, 2, 2, 3, 2, 2, 2, 2, 4],
						[4, 2, 3, 3, 3, 2, 2, 2, 2, 2, 2, 4],
						[4, 2, 3, 3, 2, 2, 2, 2, 2, 2, 2, 4],
						[4, 2, 2, 2, 3, 2, 2, 2, 2, 2, 2, 4],
						[4, 2, 2, 2, 2, 3, 2, 2, 2, 2, 2, 4],
						[4, 2, 2, 2, 2, 3, 2, 2, 2, 2, 2, 4],
						[4, 4, 4, 2, 2, 3, 4, 4, 4, 4, 4, 4]
					]
				}
			},
			{
				config: {
					z: 11,
					id: "layer-entities",
					render: 1,
					type: Lucid.BaseLayer.TYPE.ENTITIES,
					effects: [],
					data: [
						{
							name: "EntityFighter",
							positionX: 100,
							positionY: 100,
							colliding: 1,
							render: 1
							// we could go crazy here with a lot of editor config fields... but we dont :D
						}
					]
				}
			},
			{
				config: {
					z: 12,
					id: "layer-events",
					render: 0,
					type: Lucid.BaseLayer.TYPE.EVENTS,
					effects: [],
					data: [
						{
							type: Lucid.BaseLayer.EVENTS.CUSTOM,
							name: "LayerEventMyEvent", // this is the variable name of the object which will be called
							width: 10,
							height: 10,
							positionX: 100,
							positionY: 100
						},
						{
							type: Lucid.BaseLayer.EVENTS.PLAYER_SPAWN,
							name: "",
							width: 10,
							height: 10,
							positionX: 200,
							positionY: 200
						}
					]
				}
			},
			{
				config: {
					z: 13,
					id: "layer-foreground",
					render: 1,
					cols: 12,
					rows: 12,
					type: Lucid.BaseLayer.TYPE.TILESET,
					effects: [],
					/*
					data: [
						5, 0, 0, 0, 0, 0, 0, 0, 0, 0, 0, 5,
						5, 0, 0, 0, 0, 0, 0, 0, 0, 0, 0, 5,
						5, 0, 0, 0, 0, 0, 0, 0, 0, 0, 0, 5,
						5, 0, 0, 6, 0, 0, 0, 0, 0, 6, 0, 5,
						5, 0, 0, 0, 0, 0, 0, 0, 0, 0, 0, 5,
						5, 0, 0, 0, 0, 0, 0, 0, 0, 0, 0, 5,
						5, 0, 0, 0, 0, 0, 0, 0, 0, 0, 0, 5,
						5, 0, 0, 0, 0, 0, 0, 0, 0, 0, 0, 5,
						5, 0, 0, 0, 0, 0, 0, 0, 0, 0, 0, 5,
						5, 0, 0, 0, 0, 0, 0, 0, 0, 0, 0, 5,
						5, 5, 5, 0, 6, 0, 5, 5, 5, 5, 5, 5,
						5, 5, 5, 0, 0, 0, 0, 0, 0, 0, 0, 0
					]
					*/
					data: [
						[5, 0, 0, 0, 0, 0, 0, 0, 0, 0, 0, 5],
						[5, 0, 0, 0, 0, 0, 0, 0, 0, 0, 0, 5],
						[5, 0, 0, 0, 0, 0, 0, 0, 0, 0, 0, 5],
						[5, 0, 0, 6, 0, 0, 0, 0, 0, 6, 0, 5],
						[5, 0, 0, 0, 0, 0, 0, 0, 0, 0, 0, 5],
						[5, 0, 0, 0, 0, 0, 0, 0, 0, 0, 0, 5],
						[5, 0, 0, 0, 0, 0, 0, 0, 0, 0, 0, 5],
						[5, 0, 0, 0, 0, 0, 0, 0, 0, 0, 0, 5],
						[5, 0, 0, 0, 0, 0, 0, 0, 0, 0, 0, 5],
						[5, 0, 0, 0, 0, 0, 0, 0, 0, 0, 0, 5],
						[5, 5, 5, 0, 6, 0, 5, 5, 5, 5, 5, 5],
						[5, 5, 5, 0, 0, 0, 0, 0, 0, 0, 0, 0]
					]
				}
			},
			{
				config: {
					z: 14,
					id: "layer-collision",
					render: 1,
					cols: 12,
					rows: 12,
					type: Lucid.BaseLayer.TYPE.COLLISION,
					effects: [],
					/*
					data: [
						1, 1, 1, 1, 1, 1, 1, 1, 1, 1, 1, 1,
						1, 0, 0, 0, 0, 0, 0, 0, 0, 0, 0, 1,
						1, 0, 0, 0, 0, 0, 0, 0, 0, 0, 0, 1,
						1, 0, 0, 0, 0, 0, 0, 0, 0, 0, 0, 1,
						1, 0, 0, 0, 0, 0, 0, 0, 0, 0, 0, 1,
						1, 0, 0, 0, 0, 0, 0, 0, 0, 0, 0, 1,
						1, 0, 0, 0, 0, 0, 0, 0, 0, 0, 0, 1,
						1, 0, 0, 0, 0, 0, 0, 0, 0, 0, 0, 1,
						1, 0, 0, 0, 0, 0, 0, 0, 0, 0, 0, 1,
						1, 0, 0, 0, 0, 0, 0, 0, 0, 0, 0, 1,
						1, 0, 0, 0, 0, 0, 0, 0, 0, 0, 0, 1,
						1, 1, 1, 0, 0, 1, 1, 1, 1, 1, 1, 1
					]
					*/
					data: [
						[1, 1, 1, 1, 1, 1, 1, 1, 1, 1, 1, 1],
						[1, 0, 0, 0, 0, 0, 0, 0, 0, 0, 0, 1],
						[1, 0, 0, 0, 0, 0, 0, 0, 0, 0, 0, 1],
						[1, 0, 0, 0, 0, 0, 0, 0, 0, 0, 0, 1],
						[1, 0, 0, 0, 0, 0, 0, 0, 0, 0, 0, 1],
						[1, 0, 0, 0, 0, 0, 0, 0, 0, 0, 0, 1],
						[1, 0, 0, 0, 0, 0, 0, 0, 0, 0, 0, 1],
						[1, 0, 0, 0, 0, 0, 0, 0, 0, 0, 0, 1],
						[1, 0, 0, 0, 0, 0, 0, 0, 0, 0, 0, 1],
						[1, 0, 0, 0, 0, 0, 0, 0, 0, 0, 0, 1],
						[1, 0, 0, 0, 0, 0, 0, 0, 0, 0, 0, 1],
						[1, 1, 1, 0, 0, 1, 1, 1, 1, 1, 1, 1]
					]
				}
			}
		]
	}
};
/*]JSON*/