/*JSON[*/
// object name has to be the same as the filename!
Lucid.data.maps.map1 = {
	config: {
		id: "map1",
		type: Lucid.Engine.TYPE.SIDE_SCROLL,
		name: "Map 1",
		cols: 12,
		rows: 12,
		tileSize: 64,

		layers: [
			/*
			{
				config: {
					id: "layer-background",
					width: 200,
					height: 200,
					type: TYPE_LAYER_GRAPHICAL,
					effects: ["repeat", "parallax"], // TODO -> constants for this
					data: [
					//...
					]
				}
			},
			*/
			{
				config: {
					z: 10,
					id: "layer-background",
					cols: 16,
					rows: 16,
					type: Layer.TYPE.GRAPHICAL,
					effects: [],
					data: [
						3, 3, 3, 3, 3, 3, 3, 3, 3, 3, 3, 3,
						3, 1, 1, 1, 1, 1, 1, 1, 1, 1, 1, 3,
						3, 1, 1, 1, 1, 1, 1, 1, 1, 1, 1, 3,
						3, 1, 1, 1, 1, 1, 1, 1, 1, 1, 1, 3,
						3, 1, 1, 1, 1, 1, 1, 1, 1, 1, 1, 3,
						3, 1, 1, 1, 1, 1, 2, 1, 1, 1, 1, 3,
						3, 1, 2, 2, 1, 1, 1, 1, 1, 1, 1, 3,
						3, 1, 2, 2, 1, 1, 1, 1, 1, 1, 1, 3,
						3, 1, 1, 1, 2, 1, 1, 1, 1, 1, 1, 3,
						3, 1, 1, 1, 1, 2, 1, 1, 1, 1, 1, 3,
						3, 1, 1, 1, 1, 2, 1, 1, 1, 1, 1, 3,
						3, 3, 3, 1, 1, 2, 3, 3, 3, 3, 3, 3
					]
				}
			},
			{
				config: {
					z: 11,
					id: "layer-objects",
					// TODO: I dont want to use cols / rows logic for objects...
					type: Layer.TYPE.OBJECTS,
					effects: [],
					data: [
						// ...still need to think about this structure though!
					]
				}
			},
			{
				config: {
					z: 12,
					id: "layer-foreground",
					cols: 16,
					rows: 16,
					type: Layer.TYPE.GRAPHICAL,
					effects: [],
					data: [
						4, 3, 3, 3, 3, 3, 3, 3, 3, 3, 3, 4,
						4, 0, 0, 0, 0, 0, 0, 0, 0, 0, 0, 4,
						4, 0, 0, 0, 0, 0, 0, 0, 0, 0, 0, 4,
						4, 0, 0, 5, 0, 0, 0, 0, 0, 5, 0, 4,
						4, 0, 0, 0, 0, 0, 0, 0, 0, 0, 0, 4,
						4, 0, 0, 0, 0, 0, 0, 0, 0, 0, 0, 4,
						4, 0, 0, 0, 0, 0, 0, 0, 0, 0, 0, 4,
						4, 0, 0, 0, 0, 0, 0, 0, 0, 0, 0, 4,
						4, 0, 0, 0, 0, 0, 0, 0, 0, 0, 0, 4,
						4, 0, 0, 0, 0, 0, 0, 0, 0, 0, 0, 4,
						4, 4, 4, 0, 5, 4, 4, 4, 4, 4, 4, 4,
						4, 4, 4, 0, 0, 3, 3, 3, 3, 3, 3, 3
					]
				}
			}
			/*
			{
				config: {
					id: "layer-collision",
					cols: 16,
					rows: 16,
					type: Layer.TYPE.COLLISION,
					effects: [],
					data: [
						1, 1, 1, 1, 1, 1, 1, 1, 1, 1, 1, 1,
						1, 0, 0, 0, 0, 0, 0, 0, 0, 0, 0, 1,
						1, 0, 0, 0, 0, 0, 0, 0, 0, 0, 0, 1,
						1, 0, 0, 0, 0, 0, 0, 0, 0, 0, 0, 1,
						1, 0, 0, 0, 0, 0, 0, 0, 0, 0, 0, 1,
						1, 0, 0, 0, 0, 0, 0, 0, 0, 0, 0, 1,
						1, 0, 0, 0, 0, 0, 0, 0, 0, 0, 0, 1,
						1, 0, 0, 0, 0, 0, 0, 0, 0, 0, 0, 1,
						1, 0, 0, 0, 0, 0, 0, 0, 0, 0, 0, 1,
						1, 0, 0, 0, 0, 0, 0, 0, 0, 0, 0, 1,
						1, 0, 0, 0, 0, 0, 0, 0, 0, 0, 0, 1,
						1, 1, 1, 0, 0, 1, 1, 1, 1, 1, 1, 1
					]
				}
			}
			*/
		]
	}
};
/*]JSON*/