/*JSON[*/
// object name has to be the same as the filename!
// 
// TODO: this file is NOT auto generated and mainly for testing purpose
Lucid.data.maps.map1 = {
	config: {
		id: "map1",
		type: Lucid.Map.TYPE.TOP_DOWN,
		name: "Map 1",
		cols: 12,
		rows: 24,
		tileSize: 64,
		assetFilePath: "assets/map_tiles.png",

		// layers
		layers: [
			{
				config: {
					z: 10,
					id: "layer-background",
					render: 1,
					cols: 12,
					rows: 12,
					type: Lucid.BaseLayer.TYPE.TILESET,
					effects: [],
					data: [
						[4, 4, 4, 4, 4, 4, 4, 4, 4, 4, 4, 4],
						[4, 2, 2, 2, 2, 2, 2, 2, 2, 2, 2, 4],
						[4, 2, 2, 2, 2, 2, 2, 2, 2, 2, 2, 4],
						[4, 2, 2, 2, 2, 2, 2, 2, 2, 2, 2, 4],
						[4, 2, 2, 2, 2, 2, 2, 2, 2, 2, 2, 4],
						[4, 2, 2, 2, 2, 2, 3, 2, 2, 2, 2, 4],
						[4, 2, 3, 3, 3, 2, 2, 2, 2, 2, 2, 4],
						[4, 2, 3, 3, 2, 2, 2, 2, 2, 2, 2, 4],
						[4, 2, 2, 2, 3, 2, 2, 2, 2, 2, 2, 4],
						[4, 2, 2, 2, 2, 3, 2, 2, 2, 2, 2, 4],
						[4, 2, 2, 2, 2, 3, 2, 2, 2, 2, 2, 4],
						[4, 4, 4, 2, 2, 3, 2, 2, 4, 4, 4, 4],
						[4, 4, 3, 2, 2, 2, 3, 3, 4, 4, 4, 4],
						[4, 3, 3, 2, 2, 2, 2, 2, 2, 2, 2, 4],
						[4, 3, 2, 2, 2, 2, 2, 2, 2, 2, 2, 4],
						[4, 2, 2, 2, 2, 2, 2, 2, 2, 2, 2, 4],
						[4, 2, 2, 2, 2, 2, 2, 2, 2, 2, 2, 4],
						[4, 2, 2, 2, 2, 3, 3, 2, 2, 2, 2, 4],
						[4, 2, 2, 2, 3, 2, 2, 2, 2, 2, 2, 4],
						[4, 2, 2, 3, 2, 2, 2, 3, 2, 2, 2, 4],
						[4, 2, 2, 2, 3, 2, 2, 2, 2, 2, 2, 4],
						[4, 2, 2, 2, 2, 3, 2, 2, 2, 2, 3, 4],
						[4, 2, 2, 2, 2, 3, 2, 2, 2, 3, 3, 4],
						[4, 4, 4, 2, 2, 3, 4, 4, 4, 4, 4, 4]
					]
				}
			},
			{
				config: {
					z: 11,
					id: "layer-entities",
					render: 1,
					type: Lucid.BaseLayer.TYPE.ENTITIES,
					effects: [],
					data: [
						{
							id: "passant1",
							name: "EntityPassant",
							x: 300,
							y: 300,
							colliding: 1,
							render: 1,
							snapToGrid: 1
						},

						{
							id: "fighter1",
							name: "EntityFighter",
							x: 400,
							y: 400,
							colliding: 1,
							render: 1,
							snapToGrid: 1
						}
					]
				}
			},
			{
				config: {
					z: 12,
					id: "layer-events",
					render: 0,
					type: Lucid.BaseLayer.TYPE.EVENTS,
					effects: [],
					data: [
						{
							type: Lucid.BaseLayer.EVENTS.CUSTOM,
							name: "LayerEventMyEvent", // this is the variable name of the object which will be called
							width: 10,
							height: 10,
							x: 100,
							y: 100
						},
						{
							type: Lucid.BaseLayer.EVENTS.PLAYER_SPAWN,
							name: "",
							width: 10,
							height: 10,
							x: 200,
							y: 200
						}
					]
				}
			},
			{
				config: {
					z: 13,
					id: "layer-foreground",
					render: 1,
					cols: 12,
					rows: 12,
					type: Lucid.BaseLayer.TYPE.TILESET,
					effects: [],
					data: [
						[5, 0, 0, 0, 0, 0, 0, 0, 0, 0, 0, 5],
						[5, 0, 0, 0, 0, 0, 0, 0, 0, 0, 0, 5],
						[5, 0, 0, 0, 0, 0, 0, 0, 0, 0, 0, 5],
						[5, 0, 0, 6, 0, 0, 0, 0, 0, 6, 0, 5],
						[5, 0, 0, 6, 0, 0, 0, 0, 0, 0, 0, 5],
						[5, 0, 0, 6, 0, 0, 0, 0, 0, 0, 0, 5],
						[5, 0, 0, 6, 6, 0, 0, 0, 0, 0, 0, 5],
						[5, 0, 0, 6, 0, 0, 0, 0, 0, 0, 0, 5],
						[5, 0, 0, 6, 0, 0, 0, 0, 0, 0, 0, 5],
						[5, 0, 0, 0, 0, 0, 0, 0, 0, 0, 0, 5],
						[5, 5, 5, 0, 6, 0, 0, 0, 5, 5, 5, 5],
						[5, 5, 0, 0, 0, 0, 0, 0, 5, 5, 5, 5],
						[5, 0, 0, 0, 0, 0, 0, 0, 0, 0, 0, 5],
						[5, 0, 0, 0, 0, 0, 0, 0, 0, 0, 0, 5],
						[5, 0, 0, 0, 0, 6, 6, 6, 0, 0, 0, 5],
						[5, 0, 0, 0, 6, 0, 0, 0, 6, 0, 0, 5],
						[5, 0, 0, 6, 0, 0, 6, 0, 0, 6, 0, 5],
						[5, 0, 6, 0, 0, 6, 6, 0, 0, 6, 0, 5],
						[5, 6, 0, 0, 6, 0, 6, 0, 6, 0, 0, 5],
						[5, 0, 0, 6, 0, 0, 6, 0, 6, 0, 0, 5],
						[5, 0, 0, 0, 0, 0, 0, 0, 0, 6, 0, 5],
						[5, 0, 0, 0, 0, 0, 0, 0, 0, 0, 0, 5],
						[5, 5, 5, 0, 0, 0, 5, 5, 5, 5, 5, 5],
						[5, 5, 5, 0, 0, 0, 0, 0, 0, 0, 0, 0]
					]
				}
			},
			{
				config: {
					z: 14,
					id: "layer-collision",
					render: 1,
					cols: 12,
					rows: 12,
					type: Lucid.BaseLayer.TYPE.COLLISION,
					effects: [],
					data: [
						[1, 1, 1, 1, 1, 1, 1, 1, 1, 1, 1, 1],
						[1, 0, 0, 0, 0, 0, 0, 0, 0, 0, 0, 1],
						[1, 0, 0, 0, 0, 0, 0, 0, 0, 0, 0, 1],
						[1, 0, 0, 1, 0, 0, 0, 0, 0, 1, 0, 1],
						[1, 0, 0, 1, 0, 0, 0, 0, 0, 0, 0, 1],
						[1, 0, 0, 1, 0, 0, 0, 0, 0, 0, 0, 1],
						[1, 0, 0, 1, 1, 0, 0, 0, 0, 0, 0, 1],
						[1, 0, 0, 1, 0, 0, 0, 0, 0, 0, 0, 1],
						[1, 0, 0, 1, 0, 0, 0, 0, 0, 0, 0, 1],
						[1, 0, 0, 0, 0, 0, 0, 0, 0, 0, 0, 1],
						[1, 0, 0, 0, 1, 0, 0, 0, 0, 0, 0, 1],
						[1, 1, 1, 0, 0, 0, 0, 0, 1, 1, 1, 1],
						[1, 1, 0, 0, 0, 0, 0, 0, 1, 1, 1, 1],
						[1, 0, 0, 0, 0, 0, 0, 0, 0, 0, 0, 1],
						[1, 0, 0, 0, 0, 1, 1, 1, 0, 0, 0, 1],
						[1, 0, 0, 0, 1, 0, 0, 0, 1, 0, 0, 1],
						[1, 0, 0, 1, 0, 0, 1, 0, 0, 1, 0, 1],
						[1, 0, 1, 0, 0, 1, 1, 0, 0, 1, 0, 1],
						[1, 1, 0, 0, 1, 0, 1, 0, 1, 0, 0, 1],
						[1, 0, 0, 1, 0, 0, 1, 0, 1, 0, 0, 1],
						[1, 0, 0, 0, 0, 0, 0, 0, 0, 1, 0, 1],
						[1, 0, 0, 0, 0, 0, 0, 0, 0, 0, 0, 1],
						[1, 0, 0, 0, 0, 0, 0, 0, 0, 0, 0, 1],
						[1, 1, 1, 1, 1, 1, 1, 1, 1, 1, 1, 1]
					]
				}
			},
			{
				config: {
					z: 15,
					id: "layer-ai-debug",
					render: 1,
					type: Lucid.BaseLayer.TYPE.UI
				}
			}
		]
	}
};
/*]JSON*/